2026-09-23 15:20:38.111 CST [29504] LOG:  starting PostgreSQL 18.6 on x86_64-windows, compiled by msvc-19.44.35228, 64-bit
2026-09-23 15:20:38.112 CST [29504] LOG:  listening on IPv4 address "127.0.0.1", port 55439
2026-09-23 15:20:38.434 CST [5660] LOG:  database system was shut down at 2026-09-23 15:20:36 CST
2026-09-23 15:20:38.459 CST [29504] LOG:  database system is ready to accept connections
2026-09-23 15:20:39.214 CST [1492] ERROR:  Otra persona modificó la queja. Actualiza el expediente antes de guardar.
2026-09-23 15:20:39.214 CST [1492] CONTEXT:  PL/pgSQL function qms_transition(uuid,bigint,text,text,text,uuid,text) line 7 at RAISE
2026-09-23 15:20:39.214 CST [1492] STATEMENT:  SELECT * FROM qms_transition($1,$2,'investigation',NULL,'Procede',$3,NULL)
2026-09-23 15:20:39.272 CST [11368] ERROR:  Otra persona modificó la queja. Actualiza el expediente antes de guardar.
2026-09-23 15:20:39.272 CST [11368] CONTEXT:  PL/pgSQL function qms_transition(uuid,bigint,text,text,text,uuid,text) line 7 at RAISE
2026-09-23 15:20:39.272 CST [11368] STATEMENT:  SELECT * FROM qms_transition($1,$2,'investigation',NULL,'Procede',$3,NULL)
2026-09-23 15:20:39.328 CST [15280] ERROR:  Otra persona modificó la queja. Actualiza el expediente antes de guardar.
2026-09-23 15:20:39.328 CST [15280] CONTEXT:  PL/pgSQL function qms_transition(uuid,bigint,text,text,text,uuid,text) line 7 at RAISE
2026-09-23 15:20:39.328 CST [15280] STATEMENT:  SELECT * FROM qms_transition($1,$2,'investigation',NULL,'Procede',$3,NULL)
2026-09-23 15:20:39.384 CST [16660] ERROR:  Otra persona modificó la queja. Actualiza el expediente antes de guardar.
2026-09-23 15:20:39.384 CST [16660] CONTEXT:  PL/pgSQL function qms_transition(uuid,bigint,text,text,text,uuid,text) line 7 at RAISE
2026-09-23 15:20:39.384 CST [16660] STATEMENT:  SELECT * FROM qms_transition($1,$2,'investigation',NULL,'Procede',$3,NULL)
2026-09-23 15:20:39.395 CST [10604] ERROR:  Otra persona modificó la queja. Actualiza el expediente antes de guardar.
2026-09-23 15:20:39.395 CST [10604] CONTEXT:  PL/pgSQL function qms_transition(uuid,bigint,text,text,text,uuid,text) line 7 at RAISE
2026-09-23 15:20:39.395 CST [10604] STATEMENT:  SELECT * FROM qms_transition($1,$2,'investigation',NULL,'Procede',$3,NULL)
2026-09-23 15:20:39.430 CST [22832] ERROR:  Otra persona modificó la queja. Actualiza el expediente antes de guardar.
2026-09-23 15:20:39.430 CST [22832] CONTEXT:  PL/pgSQL function qms_transition(uuid,bigint,text,text,text,uuid,text) line 7 at RAISE
2026-09-23 15:20:39.430 CST [22832] STATEMENT:  SELECT * FROM qms_transition($1,$2,'investigation',NULL,'Procede',$3,NULL)
2026-09-23 15:20:39.433 CST [7248] ERROR:  Otra persona modificó la queja. Actualiza el expediente antes de guardar.
2026-09-23 15:20:39.433 CST [7248] CONTEXT:  PL/pgSQL function qms_transition(uuid,bigint,text,text,text,uuid,text) line 7 at RAISE
2026-09-23 15:20:39.433 CST [7248] STATEMENT:  SELECT * FROM qms_transition($1,$2,'investigation',NULL,'Procede',$3,NULL)
2026-09-23 15:20:39.462 CST [31552] ERROR:  Otra persona modificó la queja. Actualiza el expediente antes de guardar.
2026-09-23 15:20:39.462 CST [31552] CONTEXT:  PL/pgSQL function qms_transition(uuid,bigint,text,text,text,uuid,text) line 7 at RAISE
2026-09-23 15:20:39.462 CST [31552] STATEMENT:  SELECT * FROM qms_transition($1,$2,'investigation',NULL,'Procede',$3,NULL)
2026-09-23 15:20:39.489 CST [19988] ERROR:  Otra persona modificó la queja. Actualiza el expediente antes de guardar.
2026-09-23 15:20:39.489 CST [19988] CONTEXT:  PL/pgSQL function qms_transition(uuid,bigint,text,text,text,uuid,text) line 7 at RAISE
2026-09-23 15:20:39.489 CST [19988] STATEMENT:  SELECT * FROM qms_transition($1,$2,'investigation',NULL,'Procede',$3,NULL)
2026-09-23 15:20:39.512 CST [8252] ERROR:  Otra persona modificó la queja. Actualiza el expediente antes de guardar.
2026-09-23 15:20:39.512 CST [8252] CONTEXT:  PL/pgSQL function qms_transition(uuid,bigint,text,text,text,uuid,text) line 7 at RAISE
2026-09-23 15:20:39.512 CST [8252] STATEMENT:  SELECT * FROM qms_transition($1,$2,'investigation',NULL,'Procede',$3,NULL)
2026-09-23 15:20:39.570 CST [18908] ERROR:  Otra persona modificó la queja. Actualiza el expediente antes de guardar.
2026-09-23 15:20:39.570 CST [18908] CONTEXT:  PL/pgSQL function qms_transition(uuid,bigint,text,text,text,uuid,text) line 7 at RAISE
2026-09-23 15:20:39.570 CST [18908] STATEMENT:  SELECT * FROM qms_transition($1,$2,'investigation',NULL,'Procede',$3,NULL)
2026-09-23 15:20:39.588 CST [25828] ERROR:  Otra persona modificó la queja. Actualiza el expediente antes de guardar.
2026-09-23 15:20:39.588 CST [25828] CONTEXT:  PL/pgSQL function qms_transition(uuid,bigint,text,text,text,uuid,text) line 7 at RAISE
2026-09-23 15:20:39.588 CST [25828] STATEMENT:  SELECT * FROM qms_transition($1,$2,'investigation',NULL,'Procede',$3,NULL)
2026-09-23 15:20:39.621 CST [13952] ERROR:  Otra persona modificó la queja. Actualiza el expediente antes de guardar.
2026-09-23 15:20:39.621 CST [13952] CONTEXT:  PL/pgSQL function qms_transition(uuid,bigint,text,text,text,uuid,text) line 7 at RAISE
2026-09-23 15:20:39.621 CST [13952] STATEMENT:  SELECT * FROM qms_transition($1,$2,'investigation',NULL,'Procede',$3,NULL)
2026-09-23 15:20:39.643 CST [4428] ERROR:  Otra persona modificó la queja. Actualiza el expediente antes de guardar.
2026-09-23 15:20:39.643 CST [4428] CONTEXT:  PL/pgSQL function qms_transition(uuid,bigint,text,text,text,uuid,text) line 7 at RAISE
2026-09-23 15:20:39.643 CST [4428] STATEMENT:  SELECT * FROM qms_transition($1,$2,'investigation',NULL,'Procede',$3,NULL)
2026-09-23 15:20:39.707 CST [12080] ERROR:  Otra persona modificó la queja. Actualiza el expediente antes de guardar.
2026-09-23 15:20:39.707 CST [12080] CONTEXT:  PL/pgSQL function qms_transition(uuid,bigint,text,text,text,uuid,text) line 7 at RAISE
2026-09-23 15:20:39.707 CST [12080] STATEMENT:  SELECT * FROM qms_transition($1,$2,'investigation',NULL,'Procede',$3,NULL)
2026-09-23 15:20:39.742 CST [30808] ERROR:  Otra persona modificó la queja. Actualiza el expediente antes de guardar.
2026-09-23 15:20:39.742 CST [30808] CONTEXT:  PL/pgSQL function qms_transition(uuid,bigint,text,text,text,uuid,text) line 7 at RAISE
2026-09-23 15:20:39.742 CST [30808] STATEMENT:  SELECT * FROM qms_transition($1,$2,'investigation',NULL,'Procede',$3,NULL)
2026-09-23 15:20:39.779 CST [25900] ERROR:  Otra persona modificó la queja. Actualiza el expediente antes de guardar.
2026-09-23 15:20:39.779 CST [25900] CONTEXT:  PL/pgSQL function qms_transition(uuid,bigint,text,text,text,uuid,text) line 7 at RAISE
2026-09-23 15:20:39.779 CST [25900] STATEMENT:  SELECT * FROM qms_transition($1,$2,'investigation',NULL,'Procede',$3,NULL)
2026-09-23 15:20:39.803 CST [31572] ERROR:  Otra persona modificó la queja. Actualiza el expediente antes de guardar.
2026-09-23 15:20:39.803 CST [31572] CONTEXT:  PL/pgSQL function qms_transition(uuid,bigint,text,text,text,uuid,text) line 7 at RAISE
2026-09-23 15:20:39.803 CST [31572] STATEMENT:  SELECT * FROM qms_transition($1,$2,'investigation',NULL,'Procede',$3,NULL)
2026-09-23 15:20:39.831 CST [9888] ERROR:  Otra persona modificó la queja. Actualiza el expediente antes de guardar.
2026-09-23 15:20:39.831 CST [9888] CONTEXT:  PL/pgSQL function qms_transition(uuid,bigint,text,text,text,uuid,text) line 7 at RAISE
2026-09-23 15:20:39.831 CST [9888] STATEMENT:  SELECT * FROM qms_transition($1,$2,'investigation',NULL,'Procede',$3,NULL)
2026-09-23 15:20:39.843 CST [31572] ERROR:  Otra persona modificó la queja. Actualiza antes de guardar.
2026-09-23 15:20:39.843 CST [31572] CONTEXT:  PL/pgSQL function qms_update_details(uuid,bigint,text,text,uuid,text) line 6 at RAISE
2026-09-23 15:20:39.843 CST [31572] STATEMENT:  SELECT * FROM qms_update_details($1,$2,NULL,NULL,NULL,$3)
2026-09-23 15:20:39.843 CST [25900] ERROR:  Otra persona modificó la queja. Actualiza antes de guardar.
2026-09-23 15:20:39.843 CST [25900] CONTEXT:  PL/pgSQL function qms_update_details(uuid,bigint,text,text,uuid,text) line 6 at RAISE
2026-09-23 15:20:39.843 CST [25900] STATEMENT:  SELECT * FROM qms_update_details($1,$2,NULL,NULL,NULL,$3)
2026-09-23 15:20:39.844 CST [19988] ERROR:  Otra persona modificó la queja. Actualiza antes de guardar.
2026-09-23 15:20:39.844 CST [19988] CONTEXT:  PL/pgSQL function qms_update_details(uuid,bigint,text,text,uuid,text) line 6 at RAISE
2026-09-23 15:20:39.844 CST [19988] STATEMENT:  SELECT * FROM qms_update_details($1,$2,NULL,NULL,NULL,$3)
2026-09-23 15:20:39.844 CST [30808] ERROR:  Otra persona modificó la queja. Actualiza antes de guardar.
2026-09-23 15:20:39.844 CST [30808] CONTEXT:  PL/pgSQL function qms_update_details(uuid,bigint,text,text,uuid,text) line 6 at RAISE
2026-09-23 15:20:39.844 CST [30808] STATEMENT:  SELECT * FROM qms_update_details($1,$2,NULL,NULL,NULL,$3)
2026-09-23 15:20:39.844 CST [31552] ERROR:  Otra persona modificó la queja. Actualiza antes de guardar.
2026-09-23 15:20:39.844 CST [31552] CONTEXT:  PL/pgSQL function qms_update_details(uuid,bigint,text,text,uuid,text) line 6 at RAISE
2026-09-23 15:20:39.844 CST [31552] STATEMENT:  SELECT * FROM qms_update_details($1,$2,NULL,NULL,NULL,$3)
2026-09-23 15:20:39.844 CST [12080] ERROR:  Otra persona modificó la queja. Actualiza antes de guardar.
2026-09-23 15:20:39.844 CST [12080] CONTEXT:  PL/pgSQL function qms_update_details(uuid,bigint,text,text,uuid,text) line 6 at RAISE
2026-09-23 15:20:39.844 CST [12080] STATEMENT:  SELECT * FROM qms_update_details($1,$2,NULL,NULL,NULL,$3)
2026-09-23 15:20:39.844 CST [7248] ERROR:  Otra persona modificó la queja. Actualiza antes de guardar.
2026-09-23 15:20:39.844 CST [7248] CONTEXT:  PL/pgSQL function qms_update_details(uuid,bigint,text,text,uuid,text) line 6 at RAISE
2026-09-23 15:20:39.844 CST [7248] STATEMENT:  SELECT * FROM qms_update_details($1,$2,NULL,NULL,NULL,$3)
2026-09-23 15:20:39.845 CST [13952] ERROR:  Otra persona modificó la queja. Actualiza antes de guardar.
2026-09-23 15:20:39.845 CST [13952] CONTEXT:  PL/pgSQL function qms_update_details(uuid,bigint,text,text,uuid,text) line 6 at RAISE
2026-09-23 15:20:39.845 CST [13952] STATEMENT:  SELECT * FROM qms_update_details($1,$2,NULL,NULL,NULL,$3)
2026-09-23 15:20:39.845 CST [22832] ERROR:  Otra persona modificó la queja. Actualiza antes de guardar.
2026-09-23 15:20:39.845 CST [22832] CONTEXT:  PL/pgSQL function qms_update_details(uuid,bigint,text,text,uuid,text) line 6 at RAISE
2026-09-23 15:20:39.845 CST [22832] STATEMENT:  SELECT * FROM qms_update_details($1,$2,NULL,NULL,NULL,$3)
2026-09-23 15:20:39.845 CST [4428] ERROR:  Otra persona modificó la queja. Actualiza antes de guardar.
2026-09-23 15:20:39.845 CST [4428] CONTEXT:  PL/pgSQL function qms_update_details(uuid,bigint,text,text,uuid,text) line 6 at RAISE
2026-09-23 15:20:39.845 CST [4428] STATEMENT:  SELECT * FROM qms_update_details($1,$2,NULL,NULL,NULL,$3)
2026-09-23 15:20:39.845 CST [10604] ERROR:  Otra persona modificó la queja. Actualiza antes de guardar.
2026-09-23 15:20:39.845 CST [10604] CONTEXT:  PL/pgSQL function qms_update_details(uuid,bigint,text,text,uuid,text) line 6 at RAISE
2026-09-23 15:20:39.845 CST [10604] STATEMENT:  SELECT * FROM qms_update_details($1,$2,NULL,NULL,NULL,$3)
2026-09-23 15:20:39.845 CST [25828] ERROR:  Otra persona modificó la queja. Actualiza antes de guardar.
2026-09-23 15:20:39.845 CST [25828] CONTEXT:  PL/pgSQL function qms_update_details(uuid,bigint,text,text,uuid,text) line 6 at RAISE
2026-09-23 15:20:39.845 CST [25828] STATEMENT:  SELECT * FROM qms_update_details($1,$2,NULL,NULL,NULL,$3)
2026-09-23 15:20:39.846 CST [16660] ERROR:  Otra persona modificó la queja. Actualiza antes de guardar.
2026-09-23 15:20:39.846 CST [16660] CONTEXT:  PL/pgSQL function qms_update_details(uuid,bigint,text,text,uuid,text) line 6 at RAISE
2026-09-23 15:20:39.846 CST [16660] STATEMENT:  SELECT * FROM qms_update_details($1,$2,NULL,NULL,NULL,$3)
2026-09-23 15:20:39.846 CST [15280] ERROR:  Otra persona modificó la queja. Actualiza antes de guardar.
2026-09-23 15:20:39.846 CST [15280] CONTEXT:  PL/pgSQL function qms_update_details(uuid,bigint,text,text,uuid,text) line 6 at RAISE
2026-09-23 15:20:39.846 CST [15280] STATEMENT:  SELECT * FROM qms_update_details($1,$2,NULL,NULL,NULL,$3)
2026-09-23 15:20:39.846 CST [18908] ERROR:  Otra persona modificó la queja. Actualiza antes de guardar.
2026-09-23 15:20:39.846 CST [18908] CONTEXT:  PL/pgSQL function qms_update_details(uuid,bigint,text,text,uuid,text) line 6 at RAISE
2026-09-23 15:20:39.846 CST [18908] STATEMENT:  SELECT * FROM qms_update_details($1,$2,NULL,NULL,NULL,$3)
2026-09-23 15:20:39.846 CST [1492] ERROR:  Otra persona modificó la queja. Actualiza antes de guardar.
2026-09-23 15:20:39.846 CST [1492] CONTEXT:  PL/pgSQL function qms_update_details(uuid,bigint,text,text,uuid,text) line 6 at RAISE
2026-09-23 15:20:39.846 CST [1492] STATEMENT:  SELECT * FROM qms_update_details($1,$2,NULL,NULL,NULL,$3)
2026-09-23 15:20:39.846 CST [8252] ERROR:  Otra persona modificó la queja. Actualiza antes de guardar.
2026-09-23 15:20:39.846 CST [8252] CONTEXT:  PL/pgSQL function qms_update_details(uuid,bigint,text,text,uuid,text) line 6 at RAISE
2026-09-23 15:20:39.846 CST [8252] STATEMENT:  SELECT * FROM qms_update_details($1,$2,NULL,NULL,NULL,$3)
2026-09-23 15:20:39.847 CST [11368] ERROR:  Otra persona modificó la queja. Actualiza antes de guardar.
2026-09-23 15:20:39.847 CST [11368] CONTEXT:  PL/pgSQL function qms_update_details(uuid,bigint,text,text,uuid,text) line 6 at RAISE
2026-09-23 15:20:39.847 CST [11368] STATEMENT:  SELECT * FROM qms_update_details($1,$2,NULL,NULL,NULL,$3)
2026-09-23 15:20:39.847 CST [21688] ERROR:  Otra persona modificó la queja. Actualiza antes de guardar.
2026-09-23 15:20:39.847 CST [21688] CONTEXT:  PL/pgSQL function qms_update_details(uuid,bigint,text,text,uuid,text) line 6 at RAISE
2026-09-23 15:20:39.847 CST [21688] STATEMENT:  SELECT * FROM qms_update_details($1,$2,NULL,NULL,NULL,$3)
2026-09-23 15:20:39.848 CST [21688] ERROR:  Revisa duración, tipo de días, acción y alertas: positivas, únicas y dentro del plazo.
2026-09-23 15:20:39.848 CST [21688] CONTEXT:  PL/pgSQL function qms_publish_stage(text,bigint,integer,text,integer[],text,text) line 12 at RAISE
2026-09-23 15:20:39.848 CST [21688] STATEMENT:  SELECT qms_publish_stage('quejas.investigation',$1,0,'business_days',ARRAY[1],'notify_quality')
2026-09-23 15:20:39.850 CST [21688] ERROR:  Revisa duración, tipo de días, acción y alertas: positivas, únicas y dentro del plazo.
2026-09-23 15:20:39.850 CST [21688] CONTEXT:  PL/pgSQL function qms_publish_stage(text,bigint,integer,text,integer[],text,text) line 12 at RAISE
2026-09-23 15:20:39.850 CST [21688] STATEMENT:  SELECT qms_publish_stage('quejas.investigation',$1,20,'business_days',ARRAY[21],'notify_quality')
2026-09-23 15:20:39.850 CST [21688] ERROR:  Calendario inválido
2026-09-23 15:20:39.850 CST [21688] CONTEXT:  PL/pgSQL function qms_publish_calendar(bigint,integer[],jsonb,text) line 11 at RAISE
2026-09-23 15:20:39.850 CST [21688] STATEMENT:  SELECT qms_publish_calendar($1,ARRAY[]::int[],'[]')
2026-09-23 15:20:39.851 CST [21688] ERROR:  Calendario inválido
2026-09-23 15:20:39.851 CST [21688] CONTEXT:  PL/pgSQL function qms_publish_calendar(bigint,integer[],jsonb,text) line 11 at RAISE
2026-09-23 15:20:39.851 CST [21688] STATEMENT:  SELECT qms_publish_calendar($1,ARRAY[1,2,3,4,5, NULL],'[]')
2026-09-23 15:20:39.852 CST [21688] ERROR:  column reference "h" is ambiguous at character 24
2026-09-23 15:20:39.852 CST [21688] DETAIL:  It could refer to either a PL/pgSQL variable or a table column.
2026-09-23 15:20:39.852 CST [21688] QUERY:  (SELECT count(DISTINCT h->>'date') FROM jsonb_array_elements(p_holidays) h)<>jsonb_array_length(p_holidays)
2026-09-23 15:20:39.852 CST [21688] CONTEXT:  PL/pgSQL function qms_publish_calendar(bigint,integer[],jsonb,text) line 16 at IF
2026-09-23 15:20:39.852 CST [21688] STATEMENT:  SELECT qms_publish_calendar($1,ARRAY[1,2,3,4,5],$2) id
2026-09-23 15:20:40.040 CST [29504] LOG:  received fast shutdown request
2026-09-23 15:20:40.042 CST [29504] LOG:  aborting any active transactions
2026-09-23 15:20:40.059 CST [29504] LOG:  background worker "logical replication launcher" (PID 21804) exited with exit code 1
2026-09-23 15:20:40.059 CST [29400] LOG:  shutting down
2026-09-23 15:20:40.060 CST [29400] LOG:  checkpoint starting: shutdown immediate
2026-09-23 15:20:40.200 CST [29400] LOG:  checkpoint complete: wrote 238 buffers (1.5%), wrote 3 SLRU buffers; 0 WAL file(s) added, 0 removed, 0 recycled; write=0.012 s, sync=0.123 s, total=0.141 s; sync files=157, longest=0.002 s, average=0.001 s; distance=1301 kB, estimate=1301 kB; lsn=0/192DEE8, redo lsn=0/192DEE8
2026-09-23 15:20:40.267 CST [29504] LOG:  database system is shut down
