2026-09-23 15:21:27.117 CST [864] LOG:  starting PostgreSQL 18.6 on x86_64-windows, compiled by msvc-19.44.35228, 64-bit
2026-09-23 15:21:27.118 CST [864] LOG:  listening on IPv4 address "127.0.0.1", port 55439
2026-09-23 15:21:27.465 CST [21548] LOG:  database system was shut down at 2026-09-23 15:21:25 CST
2026-09-23 15:21:27.493 CST [864] LOG:  database system is ready to accept connections
2026-09-23 15:21:28.102 CST [16736] ERROR:  Otra persona modificó la queja. Actualiza el expediente antes de guardar.
2026-09-23 15:21:28.102 CST [16736] CONTEXT:  PL/pgSQL function qms_transition(uuid,bigint,text,text,text,uuid,text) line 7 at RAISE
2026-09-23 15:21:28.102 CST [16736] STATEMENT:  SELECT * FROM qms_transition($1,$2,'investigation',NULL,'Procede',$3,NULL)
2026-09-23 15:21:28.149 CST [8664] ERROR:  Otra persona modificó la queja. Actualiza el expediente antes de guardar.
2026-09-23 15:21:28.149 CST [8664] CONTEXT:  PL/pgSQL function qms_transition(uuid,bigint,text,text,text,uuid,text) line 7 at RAISE
2026-09-23 15:21:28.149 CST [8664] STATEMENT:  SELECT * FROM qms_transition($1,$2,'investigation',NULL,'Procede',$3,NULL)
2026-09-23 15:21:28.186 CST [14676] ERROR:  Otra persona modificó la queja. Actualiza el expediente antes de guardar.
2026-09-23 15:21:28.186 CST [14676] CONTEXT:  PL/pgSQL function qms_transition(uuid,bigint,text,text,text,uuid,text) line 7 at RAISE
2026-09-23 15:21:28.186 CST [14676] STATEMENT:  SELECT * FROM qms_transition($1,$2,'investigation',NULL,'Procede',$3,NULL)
2026-09-23 15:21:28.216 CST [24664] ERROR:  Otra persona modificó la queja. Actualiza el expediente antes de guardar.
2026-09-23 15:21:28.216 CST [24664] CONTEXT:  PL/pgSQL function qms_transition(uuid,bigint,text,text,text,uuid,text) line 7 at RAISE
2026-09-23 15:21:28.216 CST [24664] STATEMENT:  SELECT * FROM qms_transition($1,$2,'investigation',NULL,'Procede',$3,NULL)
2026-09-23 15:21:28.241 CST [23144] ERROR:  Otra persona modificó la queja. Actualiza el expediente antes de guardar.
2026-09-23 15:21:28.241 CST [23144] CONTEXT:  PL/pgSQL function qms_transition(uuid,bigint,text,text,text,uuid,text) line 7 at RAISE
2026-09-23 15:21:28.241 CST [23144] STATEMENT:  SELECT * FROM qms_transition($1,$2,'investigation',NULL,'Procede',$3,NULL)
2026-09-23 15:21:28.308 CST [31268] ERROR:  Otra persona modificó la queja. Actualiza el expediente antes de guardar.
2026-09-23 15:21:28.308 CST [31268] CONTEXT:  PL/pgSQL function qms_transition(uuid,bigint,text,text,text,uuid,text) line 7 at RAISE
2026-09-23 15:21:28.308 CST [31268] STATEMENT:  SELECT * FROM qms_transition($1,$2,'investigation',NULL,'Procede',$3,NULL)
2026-09-23 15:21:28.364 CST [31208] ERROR:  Otra persona modificó la queja. Actualiza el expediente antes de guardar.
2026-09-23 15:21:28.364 CST [31208] CONTEXT:  PL/pgSQL function qms_transition(uuid,bigint,text,text,text,uuid,text) line 7 at RAISE
2026-09-23 15:21:28.364 CST [31208] STATEMENT:  SELECT * FROM qms_transition($1,$2,'investigation',NULL,'Procede',$3,NULL)
2026-09-23 15:21:28.399 CST [25848] ERROR:  Otra persona modificó la queja. Actualiza el expediente antes de guardar.
2026-09-23 15:21:28.399 CST [25848] CONTEXT:  PL/pgSQL function qms_transition(uuid,bigint,text,text,text,uuid,text) line 7 at RAISE
2026-09-23 15:21:28.399 CST [25848] STATEMENT:  SELECT * FROM qms_transition($1,$2,'investigation',NULL,'Procede',$3,NULL)
2026-09-23 15:21:28.433 CST [23100] ERROR:  Otra persona modificó la queja. Actualiza el expediente antes de guardar.
2026-09-23 15:21:28.433 CST [23100] CONTEXT:  PL/pgSQL function qms_transition(uuid,bigint,text,text,text,uuid,text) line 7 at RAISE
2026-09-23 15:21:28.433 CST [23100] STATEMENT:  SELECT * FROM qms_transition($1,$2,'investigation',NULL,'Procede',$3,NULL)
2026-09-23 15:21:28.459 CST [8952] ERROR:  Otra persona modificó la queja. Actualiza el expediente antes de guardar.
2026-09-23 15:21:28.459 CST [8952] CONTEXT:  PL/pgSQL function qms_transition(uuid,bigint,text,text,text,uuid,text) line 7 at RAISE
2026-09-23 15:21:28.459 CST [8952] STATEMENT:  SELECT * FROM qms_transition($1,$2,'investigation',NULL,'Procede',$3,NULL)
2026-09-23 15:21:28.537 CST [25112] ERROR:  Otra persona modificó la queja. Actualiza el expediente antes de guardar.
2026-09-23 15:21:28.537 CST [25112] CONTEXT:  PL/pgSQL function qms_transition(uuid,bigint,text,text,text,uuid,text) line 7 at RAISE
2026-09-23 15:21:28.537 CST [25112] STATEMENT:  SELECT * FROM qms_transition($1,$2,'investigation',NULL,'Procede',$3,NULL)
2026-09-23 15:21:28.539 CST [16940] ERROR:  Otra persona modificó la queja. Actualiza el expediente antes de guardar.
2026-09-23 15:21:28.539 CST [16940] CONTEXT:  PL/pgSQL function qms_transition(uuid,bigint,text,text,text,uuid,text) line 7 at RAISE
2026-09-23 15:21:28.539 CST [16940] STATEMENT:  SELECT * FROM qms_transition($1,$2,'investigation',NULL,'Procede',$3,NULL)
2026-09-23 15:21:28.570 CST [30436] ERROR:  Otra persona modificó la queja. Actualiza el expediente antes de guardar.
2026-09-23 15:21:28.570 CST [30436] CONTEXT:  PL/pgSQL function qms_transition(uuid,bigint,text,text,text,uuid,text) line 7 at RAISE
2026-09-23 15:21:28.570 CST [30436] STATEMENT:  SELECT * FROM qms_transition($1,$2,'investigation',NULL,'Procede',$3,NULL)
2026-09-23 15:21:28.603 CST [30140] ERROR:  Otra persona modificó la queja. Actualiza el expediente antes de guardar.
2026-09-23 15:21:28.603 CST [30140] CONTEXT:  PL/pgSQL function qms_transition(uuid,bigint,text,text,text,uuid,text) line 7 at RAISE
2026-09-23 15:21:28.603 CST [30140] STATEMENT:  SELECT * FROM qms_transition($1,$2,'investigation',NULL,'Procede',$3,NULL)
2026-09-23 15:21:28.630 CST [23836] ERROR:  Otra persona modificó la queja. Actualiza el expediente antes de guardar.
2026-09-23 15:21:28.630 CST [23836] CONTEXT:  PL/pgSQL function qms_transition(uuid,bigint,text,text,text,uuid,text) line 7 at RAISE
2026-09-23 15:21:28.630 CST [23836] STATEMENT:  SELECT * FROM qms_transition($1,$2,'investigation',NULL,'Procede',$3,NULL)
2026-09-23 15:21:28.659 CST [1164] ERROR:  Otra persona modificó la queja. Actualiza el expediente antes de guardar.
2026-09-23 15:21:28.659 CST [1164] CONTEXT:  PL/pgSQL function qms_transition(uuid,bigint,text,text,text,uuid,text) line 7 at RAISE
2026-09-23 15:21:28.659 CST [1164] STATEMENT:  SELECT * FROM qms_transition($1,$2,'investigation',NULL,'Procede',$3,NULL)
2026-09-23 15:21:28.683 CST [6736] ERROR:  Otra persona modificó la queja. Actualiza el expediente antes de guardar.
2026-09-23 15:21:28.683 CST [6736] CONTEXT:  PL/pgSQL function qms_transition(uuid,bigint,text,text,text,uuid,text) line 7 at RAISE
2026-09-23 15:21:28.683 CST [6736] STATEMENT:  SELECT * FROM qms_transition($1,$2,'investigation',NULL,'Procede',$3,NULL)
2026-09-23 15:21:28.726 CST [15628] ERROR:  Otra persona modificó la queja. Actualiza el expediente antes de guardar.
2026-09-23 15:21:28.726 CST [15628] CONTEXT:  PL/pgSQL function qms_transition(uuid,bigint,text,text,text,uuid,text) line 7 at RAISE
2026-09-23 15:21:28.726 CST [15628] STATEMENT:  SELECT * FROM qms_transition($1,$2,'investigation',NULL,'Procede',$3,NULL)
2026-09-23 15:21:28.791 CST [15028] ERROR:  Otra persona modificó la queja. Actualiza el expediente antes de guardar.
2026-09-23 15:21:28.791 CST [15028] CONTEXT:  PL/pgSQL function qms_transition(uuid,bigint,text,text,text,uuid,text) line 7 at RAISE
2026-09-23 15:21:28.791 CST [15028] STATEMENT:  SELECT * FROM qms_transition($1,$2,'investigation',NULL,'Procede',$3,NULL)
2026-09-23 15:21:28.802 CST [1164] ERROR:  Otra persona modificó la queja. Actualiza antes de guardar.
2026-09-23 15:21:28.802 CST [1164] CONTEXT:  PL/pgSQL function qms_update_details(uuid,bigint,text,text,uuid,text) line 6 at RAISE
2026-09-23 15:21:28.802 CST [1164] STATEMENT:  SELECT * FROM qms_update_details($1,$2,NULL,NULL,NULL,$3)
2026-09-23 15:21:28.803 CST [15628] ERROR:  Otra persona modificó la queja. Actualiza antes de guardar.
2026-09-23 15:21:28.803 CST [15628] CONTEXT:  PL/pgSQL function qms_update_details(uuid,bigint,text,text,uuid,text) line 6 at RAISE
2026-09-23 15:21:28.803 CST [15628] STATEMENT:  SELECT * FROM qms_update_details($1,$2,NULL,NULL,NULL,$3)
2026-09-23 15:21:28.803 CST [6736] ERROR:  Otra persona modificó la queja. Actualiza antes de guardar.
2026-09-23 15:21:28.803 CST [6736] CONTEXT:  PL/pgSQL function qms_update_details(uuid,bigint,text,text,uuid,text) line 6 at RAISE
2026-09-23 15:21:28.803 CST [6736] STATEMENT:  SELECT * FROM qms_update_details($1,$2,NULL,NULL,NULL,$3)
2026-09-23 15:21:28.803 CST [25848] ERROR:  Otra persona modificó la queja. Actualiza antes de guardar.
2026-09-23 15:21:28.803 CST [25848] CONTEXT:  PL/pgSQL function qms_update_details(uuid,bigint,text,text,uuid,text) line 6 at RAISE
2026-09-23 15:21:28.803 CST [25848] STATEMENT:  SELECT * FROM qms_update_details($1,$2,NULL,NULL,NULL,$3)
2026-09-23 15:21:28.803 CST [23836] ERROR:  Otra persona modificó la queja. Actualiza antes de guardar.
2026-09-23 15:21:28.803 CST [23836] CONTEXT:  PL/pgSQL function qms_update_details(uuid,bigint,text,text,uuid,text) line 6 at RAISE
2026-09-23 15:21:28.803 CST [23836] STATEMENT:  SELECT * FROM qms_update_details($1,$2,NULL,NULL,NULL,$3)
2026-09-23 15:21:28.803 CST [30436] ERROR:  Otra persona modificó la queja. Actualiza antes de guardar.
2026-09-23 15:21:28.803 CST [30436] CONTEXT:  PL/pgSQL function qms_update_details(uuid,bigint,text,text,uuid,text) line 6 at RAISE
2026-09-23 15:21:28.803 CST [30436] STATEMENT:  SELECT * FROM qms_update_details($1,$2,NULL,NULL,NULL,$3)
2026-09-23 15:21:28.804 CST [31208] ERROR:  Otra persona modificó la queja. Actualiza antes de guardar.
2026-09-23 15:21:28.804 CST [31208] CONTEXT:  PL/pgSQL function qms_update_details(uuid,bigint,text,text,uuid,text) line 6 at RAISE
2026-09-23 15:21:28.804 CST [31208] STATEMENT:  SELECT * FROM qms_update_details($1,$2,NULL,NULL,NULL,$3)
2026-09-23 15:21:28.804 CST [30140] ERROR:  Otra persona modificó la queja. Actualiza antes de guardar.
2026-09-23 15:21:28.804 CST [30140] CONTEXT:  PL/pgSQL function qms_update_details(uuid,bigint,text,text,uuid,text) line 6 at RAISE
2026-09-23 15:21:28.804 CST [30140] STATEMENT:  SELECT * FROM qms_update_details($1,$2,NULL,NULL,NULL,$3)
2026-09-23 15:21:28.804 CST [31268] ERROR:  Otra persona modificó la queja. Actualiza antes de guardar.
2026-09-23 15:21:28.804 CST [31268] CONTEXT:  PL/pgSQL function qms_update_details(uuid,bigint,text,text,uuid,text) line 6 at RAISE
2026-09-23 15:21:28.804 CST [31268] STATEMENT:  SELECT * FROM qms_update_details($1,$2,NULL,NULL,NULL,$3)
2026-09-23 15:21:28.804 CST [25112] ERROR:  Otra persona modificó la queja. Actualiza antes de guardar.
2026-09-23 15:21:28.804 CST [25112] CONTEXT:  PL/pgSQL function qms_update_details(uuid,bigint,text,text,uuid,text) line 6 at RAISE
2026-09-23 15:21:28.804 CST [25112] STATEMENT:  SELECT * FROM qms_update_details($1,$2,NULL,NULL,NULL,$3)
2026-09-23 15:21:28.804 CST [23144] ERROR:  Otra persona modificó la queja. Actualiza antes de guardar.
2026-09-23 15:21:28.804 CST [23144] CONTEXT:  PL/pgSQL function qms_update_details(uuid,bigint,text,text,uuid,text) line 6 at RAISE
2026-09-23 15:21:28.804 CST [23144] STATEMENT:  SELECT * FROM qms_update_details($1,$2,NULL,NULL,NULL,$3)
2026-09-23 15:21:28.804 CST [16940] ERROR:  Otra persona modificó la queja. Actualiza antes de guardar.
2026-09-23 15:21:28.804 CST [16940] CONTEXT:  PL/pgSQL function qms_update_details(uuid,bigint,text,text,uuid,text) line 6 at RAISE
2026-09-23 15:21:28.804 CST [16940] STATEMENT:  SELECT * FROM qms_update_details($1,$2,NULL,NULL,NULL,$3)
2026-09-23 15:21:28.804 CST [24664] ERROR:  Otra persona modificó la queja. Actualiza antes de guardar.
2026-09-23 15:21:28.804 CST [24664] CONTEXT:  PL/pgSQL function qms_update_details(uuid,bigint,text,text,uuid,text) line 6 at RAISE
2026-09-23 15:21:28.804 CST [24664] STATEMENT:  SELECT * FROM qms_update_details($1,$2,NULL,NULL,NULL,$3)
2026-09-23 15:21:28.805 CST [8952] ERROR:  Otra persona modificó la queja. Actualiza antes de guardar.
2026-09-23 15:21:28.805 CST [8952] CONTEXT:  PL/pgSQL function qms_update_details(uuid,bigint,text,text,uuid,text) line 6 at RAISE
2026-09-23 15:21:28.805 CST [8952] STATEMENT:  SELECT * FROM qms_update_details($1,$2,NULL,NULL,NULL,$3)
2026-09-23 15:21:28.805 CST [14676] ERROR:  Otra persona modificó la queja. Actualiza antes de guardar.
2026-09-23 15:21:28.805 CST [14676] CONTEXT:  PL/pgSQL function qms_update_details(uuid,bigint,text,text,uuid,text) line 6 at RAISE
2026-09-23 15:21:28.805 CST [14676] STATEMENT:  SELECT * FROM qms_update_details($1,$2,NULL,NULL,NULL,$3)
2026-09-23 15:21:28.805 CST [23100] ERROR:  Otra persona modificó la queja. Actualiza antes de guardar.
2026-09-23 15:21:28.805 CST [23100] CONTEXT:  PL/pgSQL function qms_update_details(uuid,bigint,text,text,uuid,text) line 6 at RAISE
2026-09-23 15:21:28.805 CST [23100] STATEMENT:  SELECT * FROM qms_update_details($1,$2,NULL,NULL,NULL,$3)
2026-09-23 15:21:28.805 CST [8664] ERROR:  Otra persona modificó la queja. Actualiza antes de guardar.
2026-09-23 15:21:28.805 CST [8664] CONTEXT:  PL/pgSQL function qms_update_details(uuid,bigint,text,text,uuid,text) line 6 at RAISE
2026-09-23 15:21:28.805 CST [8664] STATEMENT:  SELECT * FROM qms_update_details($1,$2,NULL,NULL,NULL,$3)
2026-09-23 15:21:28.805 CST [16736] ERROR:  Otra persona modificó la queja. Actualiza antes de guardar.
2026-09-23 15:21:28.805 CST [16736] CONTEXT:  PL/pgSQL function qms_update_details(uuid,bigint,text,text,uuid,text) line 6 at RAISE
2026-09-23 15:21:28.805 CST [16736] STATEMENT:  SELECT * FROM qms_update_details($1,$2,NULL,NULL,NULL,$3)
2026-09-23 15:21:28.806 CST [23160] ERROR:  Otra persona modificó la queja. Actualiza antes de guardar.
2026-09-23 15:21:28.806 CST [23160] CONTEXT:  PL/pgSQL function qms_update_details(uuid,bigint,text,text,uuid,text) line 6 at RAISE
2026-09-23 15:21:28.806 CST [23160] STATEMENT:  SELECT * FROM qms_update_details($1,$2,NULL,NULL,NULL,$3)
2026-09-23 15:21:28.807 CST [23160] ERROR:  Revisa duración, tipo de días, acción y alertas: positivas, únicas y dentro del plazo.
2026-09-23 15:21:28.807 CST [23160] CONTEXT:  PL/pgSQL function qms_publish_stage(text,bigint,integer,text,integer[],text,text) line 12 at RAISE
2026-09-23 15:21:28.807 CST [23160] STATEMENT:  SELECT qms_publish_stage('quejas.investigation',$1,0,'business_days',ARRAY[1],'notify_quality')
2026-09-23 15:21:28.808 CST [23160] ERROR:  Revisa duración, tipo de días, acción y alertas: positivas, únicas y dentro del plazo.
2026-09-23 15:21:28.808 CST [23160] CONTEXT:  PL/pgSQL function qms_publish_stage(text,bigint,integer,text,integer[],text,text) line 12 at RAISE
2026-09-23 15:21:28.808 CST [23160] STATEMENT:  SELECT qms_publish_stage('quejas.investigation',$1,20,'business_days',ARRAY[21],'notify_quality')
2026-09-23 15:21:28.809 CST [23160] ERROR:  Calendario inválido
2026-09-23 15:21:28.809 CST [23160] CONTEXT:  PL/pgSQL function qms_publish_calendar(bigint,integer[],jsonb,text) line 11 at RAISE
2026-09-23 15:21:28.809 CST [23160] STATEMENT:  SELECT qms_publish_calendar($1,ARRAY[]::int[],'[]')
2026-09-23 15:21:28.810 CST [23160] ERROR:  Calendario inválido
2026-09-23 15:21:28.810 CST [23160] CONTEXT:  PL/pgSQL function qms_publish_calendar(bigint,integer[],jsonb,text) line 11 at RAISE
2026-09-23 15:21:28.810 CST [23160] STATEMENT:  SELECT qms_publish_calendar($1,ARRAY[1,2,3,4,5, NULL],'[]')
2026-09-23 15:21:28.821 CST [23160] ERROR:  El identificador interno es inmutable
2026-09-23 15:21:28.821 CST [23160] CONTEXT:  PL/pgSQL function qms_catalog_guard() line 6 at RAISE
2026-09-23 15:21:28.821 CST [23160] STATEMENT:  UPDATE catalogos SET codigo='otro' WHERE codigo='investigation'
2026-09-23 15:21:28.825 CST [16736] ERROR:  No autorizado
2026-09-23 15:21:28.825 CST [16736] CONTEXT:  PL/pgSQL function qms_transition(uuid,bigint,text,text,text,uuid,text) line 5 at RAISE
2026-09-23 15:21:28.825 CST [16736] STATEMENT:  SELECT qms_transition($1,$2,'quality_review','Texto')
2026-09-23 15:21:28.826 CST [16736] ERROR:  No autorizado
2026-09-23 15:21:28.826 CST [16736] CONTEXT:  PL/pgSQL function qms_publish_stage(text,bigint,integer,text,integer[],text,text) line 4 at RAISE
2026-09-23 15:21:28.826 CST [16736] STATEMENT:  SELECT qms_publish_stage('quejas.investigation',$1,20,'business_days',ARRAY[1],'mark_only')
2026-09-23 15:21:28.827 CST [16736] ERROR:  permission denied for function transicionar_queja
2026-09-23 15:21:28.827 CST [16736] STATEMENT:  SELECT transicionar_queja($1,'Resuelto')
2026-09-23 15:21:30.561 CST [864] LOG:  received fast shutdown request
2026-09-23 15:21:30.563 CST [864] LOG:  aborting any active transactions
2026-09-23 15:21:30.588 CST [864] LOG:  background worker "logical replication launcher" (PID 21888) exited with exit code 1
2026-09-23 15:21:30.588 CST [27932] LOG:  shutting down
2026-09-23 15:21:30.589 CST [27932] LOG:  checkpoint starting: shutdown immediate
2026-09-23 15:21:30.725 CST [27932] LOG:  checkpoint complete: wrote 241 buffers (1.5%), wrote 3 SLRU buffers; 0 WAL file(s) added, 0 removed, 0 recycled; write=0.010 s, sync=0.120 s, total=0.137 s; sync files=157, longest=0.002 s, average=0.001 s; distance=1317 kB, estimate=1317 kB; lsn=0/1931E38, redo lsn=0/1931E38
2026-09-23 15:21:30.783 CST [864] LOG:  database system is shut down
