2026-09-23 15:23:14.040 CST [25340] LOG:  starting PostgreSQL 18.6 on x86_64-windows, compiled by msvc-19.44.35228, 64-bit
2026-09-23 15:23:14.041 CST [25340] LOG:  listening on IPv4 address "127.0.0.1", port 55439
2026-09-23 15:23:14.394 CST [24800] LOG:  database system was shut down at 2026-09-23 15:23:12 CST
2026-09-23 15:23:14.414 CST [25340] LOG:  database system is ready to accept connections
2026-09-23 15:23:15.158 CST [18568] ERROR:  Otra persona modificó la queja. Actualiza el expediente antes de guardar.
2026-09-23 15:23:15.158 CST [18568] CONTEXT:  PL/pgSQL function qms_transition(uuid,bigint,text,text,text,uuid,text) line 7 at RAISE
2026-09-23 15:23:15.158 CST [18568] STATEMENT:  SELECT * FROM qms_transition($1,$2,'investigation',NULL,'Procede',$3,NULL)
2026-09-23 15:23:15.185 CST [18848] ERROR:  Otra persona modificó la queja. Actualiza el expediente antes de guardar.
2026-09-23 15:23:15.185 CST [18848] CONTEXT:  PL/pgSQL function qms_transition(uuid,bigint,text,text,text,uuid,text) line 7 at RAISE
2026-09-23 15:23:15.185 CST [18848] STATEMENT:  SELECT * FROM qms_transition($1,$2,'investigation',NULL,'Procede',$3,NULL)
2026-09-23 15:23:15.235 CST [24868] ERROR:  Otra persona modificó la queja. Actualiza el expediente antes de guardar.
2026-09-23 15:23:15.235 CST [24868] CONTEXT:  PL/pgSQL function qms_transition(uuid,bigint,text,text,text,uuid,text) line 7 at RAISE
2026-09-23 15:23:15.235 CST [24868] STATEMENT:  SELECT * FROM qms_transition($1,$2,'investigation',NULL,'Procede',$3,NULL)
2026-09-23 15:23:15.257 CST [19636] ERROR:  Otra persona modificó la queja. Actualiza el expediente antes de guardar.
2026-09-23 15:23:15.257 CST [19636] CONTEXT:  PL/pgSQL function qms_transition(uuid,bigint,text,text,text,uuid,text) line 7 at RAISE
2026-09-23 15:23:15.257 CST [19636] STATEMENT:  SELECT * FROM qms_transition($1,$2,'investigation',NULL,'Procede',$3,NULL)
2026-09-23 15:23:15.293 CST [11132] ERROR:  Otra persona modificó la queja. Actualiza el expediente antes de guardar.
2026-09-23 15:23:15.293 CST [11132] CONTEXT:  PL/pgSQL function qms_transition(uuid,bigint,text,text,text,uuid,text) line 7 at RAISE
2026-09-23 15:23:15.293 CST [11132] STATEMENT:  SELECT * FROM qms_transition($1,$2,'investigation',NULL,'Procede',$3,NULL)
2026-09-23 15:23:15.307 CST [9840] ERROR:  Otra persona modificó la queja. Actualiza el expediente antes de guardar.
2026-09-23 15:23:15.307 CST [9840] CONTEXT:  PL/pgSQL function qms_transition(uuid,bigint,text,text,text,uuid,text) line 7 at RAISE
2026-09-23 15:23:15.307 CST [9840] STATEMENT:  SELECT * FROM qms_transition($1,$2,'investigation',NULL,'Procede',$3,NULL)
2026-09-23 15:23:15.532 CST [8772] ERROR:  Otra persona modificó la queja. Actualiza el expediente antes de guardar.
2026-09-23 15:23:15.532 CST [8772] CONTEXT:  PL/pgSQL function qms_transition(uuid,bigint,text,text,text,uuid,text) line 7 at RAISE
2026-09-23 15:23:15.532 CST [8772] STATEMENT:  SELECT * FROM qms_transition($1,$2,'investigation',NULL,'Procede',$3,NULL)
2026-09-23 15:23:15.534 CST [11460] ERROR:  Otra persona modificó la queja. Actualiza el expediente antes de guardar.
2026-09-23 15:23:15.534 CST [11460] CONTEXT:  PL/pgSQL function qms_transition(uuid,bigint,text,text,text,uuid,text) line 7 at RAISE
2026-09-23 15:23:15.534 CST [11460] STATEMENT:  SELECT * FROM qms_transition($1,$2,'investigation',NULL,'Procede',$3,NULL)
2026-09-23 15:23:15.535 CST [10988] ERROR:  Otra persona modificó la queja. Actualiza el expediente antes de guardar.
2026-09-23 15:23:15.535 CST [10988] CONTEXT:  PL/pgSQL function qms_transition(uuid,bigint,text,text,text,uuid,text) line 7 at RAISE
2026-09-23 15:23:15.535 CST [10988] STATEMENT:  SELECT * FROM qms_transition($1,$2,'investigation',NULL,'Procede',$3,NULL)
2026-09-23 15:23:15.567 CST [14800] ERROR:  Otra persona modificó la queja. Actualiza el expediente antes de guardar.
2026-09-23 15:23:15.567 CST [14800] CONTEXT:  PL/pgSQL function qms_transition(uuid,bigint,text,text,text,uuid,text) line 7 at RAISE
2026-09-23 15:23:15.567 CST [14800] STATEMENT:  SELECT * FROM qms_transition($1,$2,'investigation',NULL,'Procede',$3,NULL)
2026-09-23 15:23:15.592 CST [6736] ERROR:  Otra persona modificó la queja. Actualiza el expediente antes de guardar.
2026-09-23 15:23:15.592 CST [6736] CONTEXT:  PL/pgSQL function qms_transition(uuid,bigint,text,text,text,uuid,text) line 7 at RAISE
2026-09-23 15:23:15.592 CST [6736] STATEMENT:  SELECT * FROM qms_transition($1,$2,'investigation',NULL,'Procede',$3,NULL)
2026-09-23 15:23:15.625 CST [5744] ERROR:  Otra persona modificó la queja. Actualiza el expediente antes de guardar.
2026-09-23 15:23:15.625 CST [5744] CONTEXT:  PL/pgSQL function qms_transition(uuid,bigint,text,text,text,uuid,text) line 7 at RAISE
2026-09-23 15:23:15.625 CST [5744] STATEMENT:  SELECT * FROM qms_transition($1,$2,'investigation',NULL,'Procede',$3,NULL)
2026-09-23 15:23:15.786 CST [27136] ERROR:  Otra persona modificó la queja. Actualiza el expediente antes de guardar.
2026-09-23 15:23:15.786 CST [27136] CONTEXT:  PL/pgSQL function qms_transition(uuid,bigint,text,text,text,uuid,text) line 7 at RAISE
2026-09-23 15:23:15.786 CST [27136] STATEMENT:  SELECT * FROM qms_transition($1,$2,'investigation',NULL,'Procede',$3,NULL)
2026-09-23 15:23:15.841 CST [2324] ERROR:  Otra persona modificó la queja. Actualiza el expediente antes de guardar.
2026-09-23 15:23:15.841 CST [2324] CONTEXT:  PL/pgSQL function qms_transition(uuid,bigint,text,text,text,uuid,text) line 7 at RAISE
2026-09-23 15:23:15.841 CST [2324] STATEMENT:  SELECT * FROM qms_transition($1,$2,'investigation',NULL,'Procede',$3,NULL)
2026-09-23 15:23:15.904 CST [11408] ERROR:  Otra persona modificó la queja. Actualiza el expediente antes de guardar.
2026-09-23 15:23:15.904 CST [11408] CONTEXT:  PL/pgSQL function qms_transition(uuid,bigint,text,text,text,uuid,text) line 7 at RAISE
2026-09-23 15:23:15.904 CST [11408] STATEMENT:  SELECT * FROM qms_transition($1,$2,'investigation',NULL,'Procede',$3,NULL)
2026-09-23 15:23:15.940 CST [9108] ERROR:  Otra persona modificó la queja. Actualiza el expediente antes de guardar.
2026-09-23 15:23:15.940 CST [9108] CONTEXT:  PL/pgSQL function qms_transition(uuid,bigint,text,text,text,uuid,text) line 7 at RAISE
2026-09-23 15:23:15.940 CST [9108] STATEMENT:  SELECT * FROM qms_transition($1,$2,'investigation',NULL,'Procede',$3,NULL)
2026-09-23 15:23:15.981 CST [10628] ERROR:  Otra persona modificó la queja. Actualiza el expediente antes de guardar.
2026-09-23 15:23:15.981 CST [10628] CONTEXT:  PL/pgSQL function qms_transition(uuid,bigint,text,text,text,uuid,text) line 7 at RAISE
2026-09-23 15:23:15.981 CST [10628] STATEMENT:  SELECT * FROM qms_transition($1,$2,'investigation',NULL,'Procede',$3,NULL)
2026-09-23 15:23:16.012 CST [11544] ERROR:  Otra persona modificó la queja. Actualiza el expediente antes de guardar.
2026-09-23 15:23:16.012 CST [11544] CONTEXT:  PL/pgSQL function qms_transition(uuid,bigint,text,text,text,uuid,text) line 7 at RAISE
2026-09-23 15:23:16.012 CST [11544] STATEMENT:  SELECT * FROM qms_transition($1,$2,'investigation',NULL,'Procede',$3,NULL)
2026-09-23 15:23:16.160 CST [14216] ERROR:  Otra persona modificó la queja. Actualiza el expediente antes de guardar.
2026-09-23 15:23:16.160 CST [14216] CONTEXT:  PL/pgSQL function qms_transition(uuid,bigint,text,text,text,uuid,text) line 7 at RAISE
2026-09-23 15:23:16.160 CST [14216] STATEMENT:  SELECT * FROM qms_transition($1,$2,'investigation',NULL,'Procede',$3,NULL)
2026-09-23 15:23:16.176 CST [14216] ERROR:  Otra persona modificó la queja. Actualiza antes de guardar.
2026-09-23 15:23:16.176 CST [14216] CONTEXT:  PL/pgSQL function qms_update_details(uuid,bigint,text,text,uuid,text) line 6 at RAISE
2026-09-23 15:23:16.176 CST [14216] STATEMENT:  SELECT * FROM qms_update_details($1,$2,NULL,NULL,NULL,$3)
2026-09-23 15:23:16.176 CST [10988] ERROR:  Otra persona modificó la queja. Actualiza antes de guardar.
2026-09-23 15:23:16.176 CST [10988] CONTEXT:  PL/pgSQL function qms_update_details(uuid,bigint,text,text,uuid,text) line 6 at RAISE
2026-09-23 15:23:16.176 CST [10988] STATEMENT:  SELECT * FROM qms_update_details($1,$2,NULL,NULL,NULL,$3)
2026-09-23 15:23:16.177 CST [11544] ERROR:  Otra persona modificó la queja. Actualiza antes de guardar.
2026-09-23 15:23:16.177 CST [11544] CONTEXT:  PL/pgSQL function qms_update_details(uuid,bigint,text,text,uuid,text) line 6 at RAISE
2026-09-23 15:23:16.177 CST [11544] STATEMENT:  SELECT * FROM qms_update_details($1,$2,NULL,NULL,NULL,$3)
2026-09-23 15:23:16.177 CST [10628] ERROR:  Otra persona modificó la queja. Actualiza antes de guardar.
2026-09-23 15:23:16.177 CST [10628] CONTEXT:  PL/pgSQL function qms_update_details(uuid,bigint,text,text,uuid,text) line 6 at RAISE
2026-09-23 15:23:16.177 CST [10628] STATEMENT:  SELECT * FROM qms_update_details($1,$2,NULL,NULL,NULL,$3)
2026-09-23 15:23:16.177 CST [9108] ERROR:  Otra persona modificó la queja. Actualiza antes de guardar.
2026-09-23 15:23:16.177 CST [9108] CONTEXT:  PL/pgSQL function qms_update_details(uuid,bigint,text,text,uuid,text) line 6 at RAISE
2026-09-23 15:23:16.177 CST [9108] STATEMENT:  SELECT * FROM qms_update_details($1,$2,NULL,NULL,NULL,$3)
2026-09-23 15:23:16.177 CST [2324] ERROR:  Otra persona modificó la queja. Actualiza antes de guardar.
2026-09-23 15:23:16.177 CST [2324] CONTEXT:  PL/pgSQL function qms_update_details(uuid,bigint,text,text,uuid,text) line 6 at RAISE
2026-09-23 15:23:16.177 CST [2324] STATEMENT:  SELECT * FROM qms_update_details($1,$2,NULL,NULL,NULL,$3)
2026-09-23 15:23:16.177 CST [11408] ERROR:  Otra persona modificó la queja. Actualiza antes de guardar.
2026-09-23 15:23:16.177 CST [11408] CONTEXT:  PL/pgSQL function qms_update_details(uuid,bigint,text,text,uuid,text) line 6 at RAISE
2026-09-23 15:23:16.177 CST [11408] STATEMENT:  SELECT * FROM qms_update_details($1,$2,NULL,NULL,NULL,$3)
2026-09-23 15:23:16.178 CST [27136] ERROR:  Otra persona modificó la queja. Actualiza antes de guardar.
2026-09-23 15:23:16.178 CST [27136] CONTEXT:  PL/pgSQL function qms_update_details(uuid,bigint,text,text,uuid,text) line 6 at RAISE
2026-09-23 15:23:16.178 CST [27136] STATEMENT:  SELECT * FROM qms_update_details($1,$2,NULL,NULL,NULL,$3)
2026-09-23 15:23:16.178 CST [5744] ERROR:  Otra persona modificó la queja. Actualiza antes de guardar.
2026-09-23 15:23:16.178 CST [5744] CONTEXT:  PL/pgSQL function qms_update_details(uuid,bigint,text,text,uuid,text) line 6 at RAISE
2026-09-23 15:23:16.178 CST [5744] STATEMENT:  SELECT * FROM qms_update_details($1,$2,NULL,NULL,NULL,$3)
2026-09-23 15:23:16.178 CST [6736] ERROR:  Otra persona modificó la queja. Actualiza antes de guardar.
2026-09-23 15:23:16.178 CST [6736] CONTEXT:  PL/pgSQL function qms_update_details(uuid,bigint,text,text,uuid,text) line 6 at RAISE
2026-09-23 15:23:16.178 CST [6736] STATEMENT:  SELECT * FROM qms_update_details($1,$2,NULL,NULL,NULL,$3)
2026-09-23 15:23:16.178 CST [14800] ERROR:  Otra persona modificó la queja. Actualiza antes de guardar.
2026-09-23 15:23:16.178 CST [14800] CONTEXT:  PL/pgSQL function qms_update_details(uuid,bigint,text,text,uuid,text) line 6 at RAISE
2026-09-23 15:23:16.178 CST [14800] STATEMENT:  SELECT * FROM qms_update_details($1,$2,NULL,NULL,NULL,$3)
2026-09-23 15:23:16.178 CST [11460] ERROR:  Otra persona modificó la queja. Actualiza antes de guardar.
2026-09-23 15:23:16.178 CST [11460] CONTEXT:  PL/pgSQL function qms_update_details(uuid,bigint,text,text,uuid,text) line 6 at RAISE
2026-09-23 15:23:16.178 CST [11460] STATEMENT:  SELECT * FROM qms_update_details($1,$2,NULL,NULL,NULL,$3)
2026-09-23 15:23:16.179 CST [8772] ERROR:  Otra persona modificó la queja. Actualiza antes de guardar.
2026-09-23 15:23:16.179 CST [8772] CONTEXT:  PL/pgSQL function qms_update_details(uuid,bigint,text,text,uuid,text) line 6 at RAISE
2026-09-23 15:23:16.179 CST [8772] STATEMENT:  SELECT * FROM qms_update_details($1,$2,NULL,NULL,NULL,$3)
2026-09-23 15:23:16.179 CST [9840] ERROR:  Otra persona modificó la queja. Actualiza antes de guardar.
2026-09-23 15:23:16.179 CST [9840] CONTEXT:  PL/pgSQL function qms_update_details(uuid,bigint,text,text,uuid,text) line 6 at RAISE
2026-09-23 15:23:16.179 CST [9840] STATEMENT:  SELECT * FROM qms_update_details($1,$2,NULL,NULL,NULL,$3)
2026-09-23 15:23:16.179 CST [11132] ERROR:  Otra persona modificó la queja. Actualiza antes de guardar.
2026-09-23 15:23:16.179 CST [11132] CONTEXT:  PL/pgSQL function qms_update_details(uuid,bigint,text,text,uuid,text) line 6 at RAISE
2026-09-23 15:23:16.179 CST [11132] STATEMENT:  SELECT * FROM qms_update_details($1,$2,NULL,NULL,NULL,$3)
2026-09-23 15:23:16.179 CST [18848] ERROR:  Otra persona modificó la queja. Actualiza antes de guardar.
2026-09-23 15:23:16.179 CST [18848] CONTEXT:  PL/pgSQL function qms_update_details(uuid,bigint,text,text,uuid,text) line 6 at RAISE
2026-09-23 15:23:16.179 CST [18848] STATEMENT:  SELECT * FROM qms_update_details($1,$2,NULL,NULL,NULL,$3)
2026-09-23 15:23:16.179 CST [18568] ERROR:  Otra persona modificó la queja. Actualiza antes de guardar.
2026-09-23 15:23:16.179 CST [18568] CONTEXT:  PL/pgSQL function qms_update_details(uuid,bigint,text,text,uuid,text) line 6 at RAISE
2026-09-23 15:23:16.179 CST [18568] STATEMENT:  SELECT * FROM qms_update_details($1,$2,NULL,NULL,NULL,$3)
2026-09-23 15:23:16.180 CST [24868] ERROR:  Otra persona modificó la queja. Actualiza antes de guardar.
2026-09-23 15:23:16.180 CST [24868] CONTEXT:  PL/pgSQL function qms_update_details(uuid,bigint,text,text,uuid,text) line 6 at RAISE
2026-09-23 15:23:16.180 CST [24868] STATEMENT:  SELECT * FROM qms_update_details($1,$2,NULL,NULL,NULL,$3)
2026-09-23 15:23:16.180 CST [30900] ERROR:  Otra persona modificó la queja. Actualiza antes de guardar.
2026-09-23 15:23:16.180 CST [30900] CONTEXT:  PL/pgSQL function qms_update_details(uuid,bigint,text,text,uuid,text) line 6 at RAISE
2026-09-23 15:23:16.180 CST [30900] STATEMENT:  SELECT * FROM qms_update_details($1,$2,NULL,NULL,NULL,$3)
2026-09-23 15:23:16.182 CST [30900] ERROR:  Revisa duración, tipo de días, acción y alertas: positivas, únicas y dentro del plazo.
2026-09-23 15:23:16.182 CST [30900] CONTEXT:  PL/pgSQL function qms_publish_stage(text,bigint,integer,text,integer[],text,text) line 12 at RAISE
2026-09-23 15:23:16.182 CST [30900] STATEMENT:  SELECT qms_publish_stage('quejas.investigation',$1,0,'business_days',ARRAY[1],'notify_quality')
2026-09-23 15:23:16.183 CST [30900] ERROR:  Revisa duración, tipo de días, acción y alertas: positivas, únicas y dentro del plazo.
2026-09-23 15:23:16.183 CST [30900] CONTEXT:  PL/pgSQL function qms_publish_stage(text,bigint,integer,text,integer[],text,text) line 12 at RAISE
2026-09-23 15:23:16.183 CST [30900] STATEMENT:  SELECT qms_publish_stage('quejas.investigation',$1,20,'business_days',ARRAY[21],'notify_quality')
2026-09-23 15:23:16.184 CST [30900] ERROR:  Calendario inválido
2026-09-23 15:23:16.184 CST [30900] CONTEXT:  PL/pgSQL function qms_publish_calendar(bigint,integer[],jsonb,text) line 11 at RAISE
2026-09-23 15:23:16.184 CST [30900] STATEMENT:  SELECT qms_publish_calendar($1,ARRAY[]::int[],'[]')
2026-09-23 15:23:16.185 CST [30900] ERROR:  Calendario inválido
2026-09-23 15:23:16.185 CST [30900] CONTEXT:  PL/pgSQL function qms_publish_calendar(bigint,integer[],jsonb,text) line 11 at RAISE
2026-09-23 15:23:16.185 CST [30900] STATEMENT:  SELECT qms_publish_calendar($1,ARRAY[1,2,3,4,5, NULL],'[]')
2026-09-23 15:23:16.200 CST [30900] ERROR:  El identificador interno es inmutable
2026-09-23 15:23:16.200 CST [30900] CONTEXT:  PL/pgSQL function qms_catalog_guard() line 6 at RAISE
2026-09-23 15:23:16.200 CST [30900] STATEMENT:  UPDATE catalogos SET codigo='otro' WHERE codigo='investigation'
2026-09-23 15:23:16.207 CST [18568] ERROR:  No autorizado
2026-09-23 15:23:16.207 CST [18568] CONTEXT:  PL/pgSQL function qms_transition(uuid,bigint,text,text,text,uuid,text) line 5 at RAISE
2026-09-23 15:23:16.207 CST [18568] STATEMENT:  SELECT qms_transition($1,$2,'quality_review','Texto')
2026-09-23 15:23:16.208 CST [18568] ERROR:  No autorizado
2026-09-23 15:23:16.208 CST [18568] CONTEXT:  PL/pgSQL function qms_publish_stage(text,bigint,integer,text,integer[],text,text) line 4 at RAISE
2026-09-23 15:23:16.208 CST [18568] STATEMENT:  SELECT qms_publish_stage('quejas.investigation',$1,20,'business_days',ARRAY[1],'mark_only')
2026-09-23 15:23:16.209 CST [18568] ERROR:  permission denied for function transicionar_queja
2026-09-23 15:23:16.209 CST [18568] STATEMENT:  SELECT transicionar_queja($1,'Resuelto')
2026-09-23 15:23:26.557 CST [25340] LOG:  received fast shutdown request
2026-09-23 15:23:26.558 CST [25340] LOG:  aborting any active transactions
2026-09-23 15:23:26.576 CST [25340] LOG:  background worker "logical replication launcher" (PID 29800) exited with exit code 1
2026-09-23 15:23:26.577 CST [25916] LOG:  shutting down
2026-09-23 15:23:26.578 CST [25916] LOG:  checkpoint starting: shutdown immediate
2026-09-23 15:23:26.720 CST [25916] LOG:  checkpoint complete: wrote 570 buffers (3.5%), wrote 3 SLRU buffers; 0 WAL file(s) added, 0 removed, 0 recycled; write=0.016 s, sync=0.121 s, total=0.144 s; sync files=162, longest=0.002 s, average=0.001 s; distance=6128 kB, estimate=6128 kB; lsn=0/1DE48A0, redo lsn=0/1DE48A0
2026-09-23 15:23:26.786 CST [25340] LOG:  database system is shut down
