2026-09-23 15:16:30.294 CST [30836] LOG:  starting PostgreSQL 18.6 on x86_64-windows, compiled by msvc-19.44.35228, 64-bit
2026-09-23 15:16:30.297 CST [30836] LOG:  listening on IPv4 address "127.0.0.1", port 55439
2026-09-23 15:16:31.109 CST [7608] LOG:  database system was shut down at 2026-09-23 15:16:28 CST
2026-09-23 15:16:31.136 CST [30836] LOG:  database system is ready to accept connections
2026-09-23 15:16:31.953 CST [28920] ERROR:  Otra persona modificó la queja. Actualiza el expediente antes de guardar.
2026-09-23 15:16:31.953 CST [28920] CONTEXT:  PL/pgSQL function qms_transition(uuid,bigint,text,text,text,uuid,text) line 7 at RAISE
2026-09-23 15:16:31.953 CST [28920] STATEMENT:  SELECT * FROM qms_transition($1,$2,'investigation',NULL,'Procede',$3,NULL)
2026-09-23 15:16:32.098 CST [16140] ERROR:  Otra persona modificó la queja. Actualiza el expediente antes de guardar.
2026-09-23 15:16:32.098 CST [16140] CONTEXT:  PL/pgSQL function qms_transition(uuid,bigint,text,text,text,uuid,text) line 7 at RAISE
2026-09-23 15:16:32.098 CST [16140] STATEMENT:  SELECT * FROM qms_transition($1,$2,'investigation',NULL,'Procede',$3,NULL)
2026-09-23 15:16:32.121 CST [11564] ERROR:  Otra persona modificó la queja. Actualiza el expediente antes de guardar.
2026-09-23 15:16:32.121 CST [11564] CONTEXT:  PL/pgSQL function qms_transition(uuid,bigint,text,text,text,uuid,text) line 7 at RAISE
2026-09-23 15:16:32.121 CST [11564] STATEMENT:  SELECT * FROM qms_transition($1,$2,'investigation',NULL,'Procede',$3,NULL)
2026-09-23 15:16:32.159 CST [17812] ERROR:  Otra persona modificó la queja. Actualiza el expediente antes de guardar.
2026-09-23 15:16:32.159 CST [17812] CONTEXT:  PL/pgSQL function qms_transition(uuid,bigint,text,text,text,uuid,text) line 7 at RAISE
2026-09-23 15:16:32.159 CST [17812] STATEMENT:  SELECT * FROM qms_transition($1,$2,'investigation',NULL,'Procede',$3,NULL)
2026-09-23 15:16:32.164 CST [3220] ERROR:  Otra persona modificó la queja. Actualiza el expediente antes de guardar.
2026-09-23 15:16:32.164 CST [3220] CONTEXT:  PL/pgSQL function qms_transition(uuid,bigint,text,text,text,uuid,text) line 7 at RAISE
2026-09-23 15:16:32.164 CST [3220] STATEMENT:  SELECT * FROM qms_transition($1,$2,'investigation',NULL,'Procede',$3,NULL)
2026-09-23 15:16:32.228 CST [28656] ERROR:  Otra persona modificó la queja. Actualiza el expediente antes de guardar.
2026-09-23 15:16:32.228 CST [28656] CONTEXT:  PL/pgSQL function qms_transition(uuid,bigint,text,text,text,uuid,text) line 7 at RAISE
2026-09-23 15:16:32.228 CST [28656] STATEMENT:  SELECT * FROM qms_transition($1,$2,'investigation',NULL,'Procede',$3,NULL)
2026-09-23 15:16:32.251 CST [6380] ERROR:  Otra persona modificó la queja. Actualiza el expediente antes de guardar.
2026-09-23 15:16:32.251 CST [6380] CONTEXT:  PL/pgSQL function qms_transition(uuid,bigint,text,text,text,uuid,text) line 7 at RAISE
2026-09-23 15:16:32.251 CST [6380] STATEMENT:  SELECT * FROM qms_transition($1,$2,'investigation',NULL,'Procede',$3,NULL)
2026-09-23 15:16:32.288 CST [4336] ERROR:  Otra persona modificó la queja. Actualiza el expediente antes de guardar.
2026-09-23 15:16:32.288 CST [4336] CONTEXT:  PL/pgSQL function qms_transition(uuid,bigint,text,text,text,uuid,text) line 7 at RAISE
2026-09-23 15:16:32.288 CST [4336] STATEMENT:  SELECT * FROM qms_transition($1,$2,'investigation',NULL,'Procede',$3,NULL)
2026-09-23 15:16:32.290 CST [15916] ERROR:  Otra persona modificó la queja. Actualiza el expediente antes de guardar.
2026-09-23 15:16:32.290 CST [15916] CONTEXT:  PL/pgSQL function qms_transition(uuid,bigint,text,text,text,uuid,text) line 7 at RAISE
2026-09-23 15:16:32.290 CST [15916] STATEMENT:  SELECT * FROM qms_transition($1,$2,'investigation',NULL,'Procede',$3,NULL)
2026-09-23 15:16:32.377 CST [18080] ERROR:  Otra persona modificó la queja. Actualiza el expediente antes de guardar.
2026-09-23 15:16:32.377 CST [18080] CONTEXT:  PL/pgSQL function qms_transition(uuid,bigint,text,text,text,uuid,text) line 7 at RAISE
2026-09-23 15:16:32.377 CST [18080] STATEMENT:  SELECT * FROM qms_transition($1,$2,'investigation',NULL,'Procede',$3,NULL)
2026-09-23 15:16:32.456 CST [14932] ERROR:  Otra persona modificó la queja. Actualiza el expediente antes de guardar.
2026-09-23 15:16:32.456 CST [14932] CONTEXT:  PL/pgSQL function qms_transition(uuid,bigint,text,text,text,uuid,text) line 7 at RAISE
2026-09-23 15:16:32.456 CST [14932] STATEMENT:  SELECT * FROM qms_transition($1,$2,'investigation',NULL,'Procede',$3,NULL)
2026-09-23 15:16:32.474 CST [15948] ERROR:  Otra persona modificó la queja. Actualiza el expediente antes de guardar.
2026-09-23 15:16:32.474 CST [15948] CONTEXT:  PL/pgSQL function qms_transition(uuid,bigint,text,text,text,uuid,text) line 7 at RAISE
2026-09-23 15:16:32.474 CST [15948] STATEMENT:  SELECT * FROM qms_transition($1,$2,'investigation',NULL,'Procede',$3,NULL)
2026-09-23 15:16:32.504 CST [15552] ERROR:  Otra persona modificó la queja. Actualiza el expediente antes de guardar.
2026-09-23 15:16:32.504 CST [15552] CONTEXT:  PL/pgSQL function qms_transition(uuid,bigint,text,text,text,uuid,text) line 7 at RAISE
2026-09-23 15:16:32.504 CST [15552] STATEMENT:  SELECT * FROM qms_transition($1,$2,'investigation',NULL,'Procede',$3,NULL)
2026-09-23 15:16:32.550 CST [30664] ERROR:  Otra persona modificó la queja. Actualiza el expediente antes de guardar.
2026-09-23 15:16:32.550 CST [30664] CONTEXT:  PL/pgSQL function qms_transition(uuid,bigint,text,text,text,uuid,text) line 7 at RAISE
2026-09-23 15:16:32.550 CST [30664] STATEMENT:  SELECT * FROM qms_transition($1,$2,'investigation',NULL,'Procede',$3,NULL)
2026-09-23 15:16:32.554 CST [23272] ERROR:  Otra persona modificó la queja. Actualiza el expediente antes de guardar.
2026-09-23 15:16:32.554 CST [23272] CONTEXT:  PL/pgSQL function qms_transition(uuid,bigint,text,text,text,uuid,text) line 7 at RAISE
2026-09-23 15:16:32.554 CST [23272] STATEMENT:  SELECT * FROM qms_transition($1,$2,'investigation',NULL,'Procede',$3,NULL)
2026-09-23 15:16:32.579 CST [29652] ERROR:  Otra persona modificó la queja. Actualiza el expediente antes de guardar.
2026-09-23 15:16:32.579 CST [29652] CONTEXT:  PL/pgSQL function qms_transition(uuid,bigint,text,text,text,uuid,text) line 7 at RAISE
2026-09-23 15:16:32.579 CST [29652] STATEMENT:  SELECT * FROM qms_transition($1,$2,'investigation',NULL,'Procede',$3,NULL)
2026-09-23 15:16:32.607 CST [29836] ERROR:  Otra persona modificó la queja. Actualiza el expediente antes de guardar.
2026-09-23 15:16:32.607 CST [29836] CONTEXT:  PL/pgSQL function qms_transition(uuid,bigint,text,text,text,uuid,text) line 7 at RAISE
2026-09-23 15:16:32.607 CST [29836] STATEMENT:  SELECT * FROM qms_transition($1,$2,'investigation',NULL,'Procede',$3,NULL)
2026-09-23 15:16:32.654 CST [3988] ERROR:  Otra persona modificó la queja. Actualiza el expediente antes de guardar.
2026-09-23 15:16:32.654 CST [3988] CONTEXT:  PL/pgSQL function qms_transition(uuid,bigint,text,text,text,uuid,text) line 7 at RAISE
2026-09-23 15:16:32.654 CST [3988] STATEMENT:  SELECT * FROM qms_transition($1,$2,'investigation',NULL,'Procede',$3,NULL)
2026-09-23 15:16:32.691 CST [29444] ERROR:  Otra persona modificó la queja. Actualiza el expediente antes de guardar.
2026-09-23 15:16:32.691 CST [29444] CONTEXT:  PL/pgSQL function qms_transition(uuid,bigint,text,text,text,uuid,text) line 7 at RAISE
2026-09-23 15:16:32.691 CST [29444] STATEMENT:  SELECT * FROM qms_transition($1,$2,'investigation',NULL,'Procede',$3,NULL)
2026-09-23 15:16:32.703 CST [3988] ERROR:  Otra persona modificó la queja. Actualiza antes de guardar.
2026-09-23 15:16:32.703 CST [3988] CONTEXT:  PL/pgSQL function qms_update_details(uuid,bigint,text,text,uuid,text) line 6 at RAISE
2026-09-23 15:16:32.703 CST [3988] STATEMENT:  SELECT * FROM qms_update_details($1,$2,NULL,NULL,NULL,$3)
2026-09-23 15:16:32.704 CST [29836] ERROR:  Otra persona modificó la queja. Actualiza antes de guardar.
2026-09-23 15:16:32.704 CST [29836] CONTEXT:  PL/pgSQL function qms_update_details(uuid,bigint,text,text,uuid,text) line 6 at RAISE
2026-09-23 15:16:32.704 CST [29836] STATEMENT:  SELECT * FROM qms_update_details($1,$2,NULL,NULL,NULL,$3)
2026-09-23 15:16:32.704 CST [23272] ERROR:  Otra persona modificó la queja. Actualiza antes de guardar.
2026-09-23 15:16:32.704 CST [23272] CONTEXT:  PL/pgSQL function qms_update_details(uuid,bigint,text,text,uuid,text) line 6 at RAISE
2026-09-23 15:16:32.704 CST [23272] STATEMENT:  SELECT * FROM qms_update_details($1,$2,NULL,NULL,NULL,$3)
2026-09-23 15:16:32.704 CST [6380] ERROR:  Otra persona modificó la queja. Actualiza antes de guardar.
2026-09-23 15:16:32.704 CST [6380] CONTEXT:  PL/pgSQL function qms_update_details(uuid,bigint,text,text,uuid,text) line 6 at RAISE
2026-09-23 15:16:32.704 CST [6380] STATEMENT:  SELECT * FROM qms_update_details($1,$2,NULL,NULL,NULL,$3)
2026-09-23 15:16:32.704 CST [29652] ERROR:  Otra persona modificó la queja. Actualiza antes de guardar.
2026-09-23 15:16:32.704 CST [29652] CONTEXT:  PL/pgSQL function qms_update_details(uuid,bigint,text,text,uuid,text) line 6 at RAISE
2026-09-23 15:16:32.704 CST [29652] STATEMENT:  SELECT * FROM qms_update_details($1,$2,NULL,NULL,NULL,$3)
2026-09-23 15:16:32.704 CST [30664] ERROR:  Otra persona modificó la queja. Actualiza antes de guardar.
2026-09-23 15:16:32.704 CST [30664] CONTEXT:  PL/pgSQL function qms_update_details(uuid,bigint,text,text,uuid,text) line 6 at RAISE
2026-09-23 15:16:32.704 CST [30664] STATEMENT:  SELECT * FROM qms_update_details($1,$2,NULL,NULL,NULL,$3)
2026-09-23 15:16:32.705 CST [15948] ERROR:  Otra persona modificó la queja. Actualiza antes de guardar.
2026-09-23 15:16:32.705 CST [15948] CONTEXT:  PL/pgSQL function qms_update_details(uuid,bigint,text,text,uuid,text) line 6 at RAISE
2026-09-23 15:16:32.705 CST [15948] STATEMENT:  SELECT * FROM qms_update_details($1,$2,NULL,NULL,NULL,$3)
2026-09-23 15:16:32.705 CST [28656] ERROR:  Otra persona modificó la queja. Actualiza antes de guardar.
2026-09-23 15:16:32.705 CST [28656] CONTEXT:  PL/pgSQL function qms_update_details(uuid,bigint,text,text,uuid,text) line 6 at RAISE
2026-09-23 15:16:32.705 CST [28656] STATEMENT:  SELECT * FROM qms_update_details($1,$2,NULL,NULL,NULL,$3)
2026-09-23 15:16:32.705 CST [15552] ERROR:  Otra persona modificó la queja. Actualiza antes de guardar.
2026-09-23 15:16:32.705 CST [15552] CONTEXT:  PL/pgSQL function qms_update_details(uuid,bigint,text,text,uuid,text) line 6 at RAISE
2026-09-23 15:16:32.705 CST [15552] STATEMENT:  SELECT * FROM qms_update_details($1,$2,NULL,NULL,NULL,$3)
2026-09-23 15:16:32.705 CST [3220] ERROR:  Otra persona modificó la queja. Actualiza antes de guardar.
2026-09-23 15:16:32.705 CST [3220] CONTEXT:  PL/pgSQL function qms_update_details(uuid,bigint,text,text,uuid,text) line 6 at RAISE
2026-09-23 15:16:32.705 CST [3220] STATEMENT:  SELECT * FROM qms_update_details($1,$2,NULL,NULL,NULL,$3)
2026-09-23 15:16:32.705 CST [18080] ERROR:  Otra persona modificó la queja. Actualiza antes de guardar.
2026-09-23 15:16:32.705 CST [18080] CONTEXT:  PL/pgSQL function qms_update_details(uuid,bigint,text,text,uuid,text) line 6 at RAISE
2026-09-23 15:16:32.705 CST [18080] STATEMENT:  SELECT * FROM qms_update_details($1,$2,NULL,NULL,NULL,$3)
2026-09-23 15:16:32.706 CST [17812] ERROR:  Otra persona modificó la queja. Actualiza antes de guardar.
2026-09-23 15:16:32.706 CST [17812] CONTEXT:  PL/pgSQL function qms_update_details(uuid,bigint,text,text,uuid,text) line 6 at RAISE
2026-09-23 15:16:32.706 CST [17812] STATEMENT:  SELECT * FROM qms_update_details($1,$2,NULL,NULL,NULL,$3)
2026-09-23 15:16:32.706 CST [4336] ERROR:  Otra persona modificó la queja. Actualiza antes de guardar.
2026-09-23 15:16:32.706 CST [4336] CONTEXT:  PL/pgSQL function qms_update_details(uuid,bigint,text,text,uuid,text) line 6 at RAISE
2026-09-23 15:16:32.706 CST [4336] STATEMENT:  SELECT * FROM qms_update_details($1,$2,NULL,NULL,NULL,$3)
2026-09-23 15:16:32.706 CST [11564] ERROR:  Otra persona modificó la queja. Actualiza antes de guardar.
2026-09-23 15:16:32.706 CST [11564] CONTEXT:  PL/pgSQL function qms_update_details(uuid,bigint,text,text,uuid,text) line 6 at RAISE
2026-09-23 15:16:32.706 CST [11564] STATEMENT:  SELECT * FROM qms_update_details($1,$2,NULL,NULL,NULL,$3)
2026-09-23 15:16:32.706 CST [15916] ERROR:  Otra persona modificó la queja. Actualiza antes de guardar.
2026-09-23 15:16:32.706 CST [15916] CONTEXT:  PL/pgSQL function qms_update_details(uuid,bigint,text,text,uuid,text) line 6 at RAISE
2026-09-23 15:16:32.706 CST [15916] STATEMENT:  SELECT * FROM qms_update_details($1,$2,NULL,NULL,NULL,$3)
2026-09-23 15:16:32.707 CST [16140] ERROR:  Otra persona modificó la queja. Actualiza antes de guardar.
2026-09-23 15:16:32.707 CST [16140] CONTEXT:  PL/pgSQL function qms_update_details(uuid,bigint,text,text,uuid,text) line 6 at RAISE
2026-09-23 15:16:32.707 CST [16140] STATEMENT:  SELECT * FROM qms_update_details($1,$2,NULL,NULL,NULL,$3)
2026-09-23 15:16:32.707 CST [14932] ERROR:  Otra persona modificó la queja. Actualiza antes de guardar.
2026-09-23 15:16:32.707 CST [14932] CONTEXT:  PL/pgSQL function qms_update_details(uuid,bigint,text,text,uuid,text) line 6 at RAISE
2026-09-23 15:16:32.707 CST [14932] STATEMENT:  SELECT * FROM qms_update_details($1,$2,NULL,NULL,NULL,$3)
2026-09-23 15:16:32.707 CST [28920] ERROR:  Otra persona modificó la queja. Actualiza antes de guardar.
2026-09-23 15:16:32.707 CST [28920] CONTEXT:  PL/pgSQL function qms_update_details(uuid,bigint,text,text,uuid,text) line 6 at RAISE
2026-09-23 15:16:32.707 CST [28920] STATEMENT:  SELECT * FROM qms_update_details($1,$2,NULL,NULL,NULL,$3)
2026-09-23 15:16:32.707 CST [18208] ERROR:  Otra persona modificó la queja. Actualiza antes de guardar.
2026-09-23 15:16:32.707 CST [18208] CONTEXT:  PL/pgSQL function qms_update_details(uuid,bigint,text,text,uuid,text) line 6 at RAISE
2026-09-23 15:16:32.707 CST [18208] STATEMENT:  SELECT * FROM qms_update_details($1,$2,NULL,NULL,NULL,$3)
2026-09-23 15:16:32.709 CST [18208] ERROR:  Revisa duración, tipo de días, acción y alertas: positivas, únicas y dentro del plazo.
2026-09-23 15:16:32.709 CST [18208] CONTEXT:  PL/pgSQL function qms_publish_stage(text,bigint,integer,text,integer[],text,text) line 12 at RAISE
2026-09-23 15:16:32.709 CST [18208] STATEMENT:  SELECT qms_publish_stage('quejas.investigation',3,0,'business_days',ARRAY[1],'notify_quality')
2026-09-23 15:16:32.901 CST [30836] LOG:  received fast shutdown request
2026-09-23 15:16:32.903 CST [30836] LOG:  aborting any active transactions
2026-09-23 15:16:32.921 CST [30836] LOG:  background worker "logical replication launcher" (PID 20708) exited with exit code 1
2026-09-23 15:16:32.921 CST [27976] LOG:  shutting down
2026-09-23 15:16:32.922 CST [27976] LOG:  checkpoint starting: shutdown immediate
2026-09-23 15:16:33.066 CST [27976] LOG:  checkpoint complete: wrote 240 buffers (1.5%), wrote 3 SLRU buffers; 0 WAL file(s) added, 0 removed, 0 recycled; write=0.015 s, sync=0.124 s, total=0.146 s; sync files=155, longest=0.002 s, average=0.001 s; distance=1301 kB, estimate=1301 kB; lsn=0/192DE60, redo lsn=0/192DE60
2026-09-23 15:16:33.131 CST [30836] LOG:  database system is shut down
